Downloading: "https://dl.fbaipublicfiles.com/encodec/v0/encodec_24khz-d7cc33bc.th" to /home/hansung1/.cache/torch/hub/checkpoints/encodec_24khz-d7cc33bc.th
  0%|          | 0.00/88.9M [00:00<?, ?B/s]  8%|▊         | 7.05M/88.9M [00:00<00:01, 74.0MB/s] 18%|█▊        | 15.9M/88.9M [00:00<00:00, 84.8MB/s] 28%|██▊       | 25.2M/88.9M [00:00<00:00, 91.0MB/s] 39%|███▉      | 34.9M/88.9M [00:00<00:00, 95.2MB/s] 50%|█████     | 44.6M/88.9M [00:00<00:00, 97.5MB/s] 61%|██████    | 53.9M/88.9M [00:00<00:00, 97.0MB/s] 71%|███████▏  | 63.5M/88.9M [00:00<00:00, 97.9MB/s] 82%|████████▏ | 72.9M/88.9M [00:00<00:00, 98.2MB/s] 93%|█████████▎| 82.8M/88.9M [00:00<00:00, 99.9MB/s]100%|██████████| 88.9M/88.9M [00:00<00:00, 96.7MB/s]
/home/hansung1/.vscode-server/audio/venv/lib/python3.10/site-packages/numba/np/ufunc/parallel.py:373: NumbaWarning: The TBB threading layer requires TBB version 2021 update 6 or later i.e., TBB_INTERFACE_VERSION >= 12060. Found TBB_INTERFACE_VERSION = 12050. The TBB threading layer is disabled.
  warnings.warn(problem)
WavMark 모델 로딩 중...
완료!

WM_ID   : 2inlightSOOB-0001
payload : [1, 0, 0, 0, 0, 0, 0, 0, 0, 1, 1, 0, 1, 1, 0, 1]

총 원본 파일 수: 17개
공격 단계: ['AWGN_30dB', 'Resample_44100RT', 'Limiter', 'MP3_128kbps', 'MP3_320kbps', 'AAC_128kbps', 'TelephoneFilter', 'Opus_32kbps', 'Crop_10pct', 'TSM_1.1x', 'EnCodec_6kbps', 'DAC']
============================================================
※ WavMark 디코딩은 슬라이딩 윈도우 전수 탐색 방식이라 긴 트랙에서는
   AudioSeal 대비 훨씬 오래 걸릴 수 있습니다.
============================================================

[1/17] 0422_민속악_판소리.wav
skip section:6, snr too low:20.0
skip section:7, snr too low:20.0
  [OK] 임베딩 완료 (원본 sr=48000 -> 16kHz, 9.0초, encoded=6 skip=2)
  [NoAttack]  BER=0.0 NC=1.0 DSR=1 MIoU=0.3559 SI-SNR=37.28dB
  [AWGN_30dB] BER=0.0 BitAcc= DSR=1 MIoU=0.3532 SI-SNR=29.25dB
  [Resample_44100RT] BER=0.0 BitAcc= DSR=1 MIoU=0.3596 SI-SNR=36.24dB
  [Limiter] BER=0.0 BitAcc= DSR=1 MIoU=0.3559 SI-SNR=37.28dB
  [MP3_128kbps] BER=0.0 BitAcc= DSR=1 MIoU=0.3559 SI-SNR=29.59dB
  [MP3_320kbps] BER=0.0 BitAcc= DSR=1 MIoU=0.3559 SI-SNR=29.59dB
  [AAC_128kbps] BER=0.0 BitAcc= DSR=1 MIoU=0.3559 SI-SNR=33.17dB
  [TelephoneFilter] BER=0.0625 BitAcc= DSR=1 MIoU=0.2286 SI-SNR=-4.03dB
  [Opus_32kbps] BER=0.0625 BitAcc= DSR=1 MIoU=0.1145 SI-SNR=18.01dB
  [Crop_10pct] BER=0.0 BitAcc= DSR=1 MIoU=0.3874 SI-SNR=dB
  [TSM_1.1x] BER=0.0 BitAcc= DSR=1 MIoU=0.3607 SI-SNR=dB
  [EnCodec_6kbps] BER=1.0 BitAcc=0.0 DSR=0 MIoU=0.0556 SI-SNR=1.16dB
  [DAC] BER=1.0 BitAcc=0.0 DSR=0 MIoU=0.0555 SI-SNR=-22.17dB

[2/17] 0423_민속악_판소리.wav
skip section:0, snr too low:20.0
skip section:6, snr too low:20.0
skip section:7, snr too low:20.0
  [OK] 임베딩 완료 (원본 sr=48000 -> 16kHz, 9.0초, encoded=5 skip=3)
  [NoAttack]  BER=0.0 NC=1.0 DSR=1 MIoU=0.3523 SI-SNR=35.2dB
  [AWGN_30dB] BER=0.0 BitAcc= DSR=1 MIoU=0.3608 SI-SNR=28.86dB
  [Resample_44100RT] BER=0.0 BitAcc= DSR=1 MIoU=0.3523 SI-SNR=34.85dB
  [Limiter] BER=0.0 BitAcc= DSR=1 MIoU=0.3523 SI-SNR=35.2dB
  [MP3_128kbps] BER=0.0 BitAcc= DSR=1 MIoU=0.3523 SI-SNR=26.4dB
  [MP3_320kbps] BER=0.0 BitAcc= DSR=1 MIoU=0.3523 SI-SNR=26.4dB
  [AAC_128kbps] BER=0.0 BitAcc= DSR=1 MIoU=0.3523 SI-SNR=33.65dB
  [TelephoneFilter] BER=0.0 BitAcc= DSR=1 MIoU=0.3608 SI-SNR=5.43dB
  [Opus_32kbps] BER=0.0 BitAcc= DSR=1 MIoU=0.1756 SI-SNR=22.34dB
  [Crop_10pct] BER=0.0 BitAcc= DSR=1 MIoU=0.3404 SI-SNR=dB
  [TSM_1.1x] BER=0.0 BitAcc= DSR=1 MIoU=0.3518 SI-SNR=dB
  [EnCodec_6kbps] BER=1.0 BitAcc=0.0 DSR=0 MIoU=0.0556 SI-SNR=2.38dB
  [DAC] BER=1.0 BitAcc=0.0 DSR=0 MIoU=0.0555 SI-SNR=-0.37dB

[3/17] 0424_민속악_판소리.wav
skip section:6, snr too low:20.0
skip section:7, snr too low:20.0
  [OK] 임베딩 완료 (원본 sr=48000 -> 16kHz, 9.0초, encoded=6 skip=2)
  [NoAttack]  BER=0.0 NC=1.0 DSR=1 MIoU=0.4301 SI-SNR=37.93dB
  [AWGN_30dB] BER=0.0625 BitAcc= DSR=1 MIoU=0.1764 SI-SNR=29.34dB
  [Resample_44100RT] BER=0.0 BitAcc= DSR=1 MIoU=0.4301 SI-SNR=35.52dB
  [Limiter] BER=0.0 BitAcc= DSR=1 MIoU=0.4301 SI-SNR=37.93dB
  [MP3_128kbps] BER=0.0625 BitAcc= DSR=1 MIoU=0.4259 SI-SNR=23.99dB
  [MP3_320kbps] BER=0.0625 BitAcc= DSR=1 MIoU=0.4259 SI-SNR=23.99dB
  [AAC_128kbps] BER=0.0 BitAcc= DSR=1 MIoU=0.4301 SI-SNR=35.28dB
  [TelephoneFilter] BER=0.0 BitAcc= DSR=1 MIoU=0.1826 SI-SNR=2.06dB
  [Opus_32kbps] BER=1.0 BitAcc= DSR=0 MIoU=0.0556 SI-SNR=21.48dB
  [Crop_10pct] BER=0.0 BitAcc= DSR=1 MIoU=0.3994 SI-SNR=dB
  [TSM_1.1x] BER=0.0 BitAcc= DSR=1 MIoU=0.3607 SI-SNR=dB
  [EnCodec_6kbps] BER=1.0 BitAcc=0.0 DSR=0 MIoU=0.0556 SI-SNR=0.06dB
  [DAC] BER=1.0 BitAcc=0.0 DSR=0 MIoU=0.0555 SI-SNR=-2.66dB

[4/17] Similar_Dance_00073_Cover_Arrangement_A.wav
  [OK] 임베딩 완료 (원본 sr=44100 -> 16kHz, 9.0초, encoded=8 skip=0)
  [NoAttack]  BER=0.0 NC=1.0 DSR=1 MIoU=0.527 SI-SNR=35.92dB
  [AWGN_30dB] BER=0.0 BitAcc= DSR=1 MIoU=0.5545 SI-SNR=29.01dB
  [Resample_44100RT] BER=0.0 BitAcc= DSR=1 MIoU=0.527 SI-SNR=35.19dB
  [Limiter] BER=0.0 BitAcc= DSR=1 MIoU=0.527 SI-SNR=35.83dB
  [MP3_128kbps] BER=0.0 BitAcc= DSR=1 MIoU=0.527 SI-SNR=29.46dB
  [MP3_320kbps] BER=0.0 BitAcc= DSR=1 MIoU=0.527 SI-SNR=29.46dB
  [AAC_128kbps] BER=0.0 BitAcc= DSR=1 MIoU=0.527 SI-SNR=31.51dB
  [TelephoneFilter] BER=0.0 BitAcc= DSR=1 MIoU=0.3237 SI-SNR=-3.27dB
  [Opus_32kbps] BER=0.0 BitAcc= DSR=1 MIoU=0.2926 SI-SNR=16.09dB
  [Crop_10pct] BER=0.0 BitAcc= DSR=1 MIoU=0.587 SI-SNR=dB
  [TSM_1.1x] BER=0.125 BitAcc= DSR=1 MIoU=0.1218 SI-SNR=dB
  [EnCodec_6kbps] BER=1.0 BitAcc=0.0 DSR=0 MIoU=0.0556 SI-SNR=2.23dB
  [DAC] BER=1.0 BitAcc=0.0 DSR=0 MIoU=0.0555 SI-SNR=-11.77dB

[5/17] Similar_Dance_00081_Cover_Arrangement_A.wav
  [OK] 임베딩 완료 (원본 sr=44100 -> 16kHz, 9.0초, encoded=8 skip=0)
  [NoAttack]  BER=0.0 NC=1.0 DSR=1 MIoU=0.527 SI-SNR=37.49dB
  [AWGN_30dB] BER=1.0 BitAcc= DSR=0 MIoU=0.0556 SI-SNR=29.3dB
  [Resample_44100RT] BER=0.0 BitAcc= DSR=1 MIoU=0.527 SI-SNR=37.46dB
  [Limiter] BER=0.0 BitAcc= DSR=1 MIoU=0.527 SI-SNR=17.9dB
  [MP3_128kbps] BER=0.0 BitAcc= DSR=1 MIoU=0.527 SI-SNR=36.4dB
  [MP3_320kbps] BER=0.0 BitAcc= DSR=1 MIoU=0.527 SI-SNR=36.4dB
  [AAC_128kbps] BER=0.0 BitAcc= DSR=1 MIoU=0.527 SI-SNR=32.27dB
  [TelephoneFilter] BER=0.0 BitAcc= DSR=1 MIoU=0.5265 SI-SNR=-13.26dB
  [Opus_32kbps] BER=0.0 BitAcc= DSR=1 MIoU=0.527 SI-SNR=22.46dB
  [Crop_10pct] BER=0.0 BitAcc= DSR=1 MIoU=0.5414 SI-SNR=dB
  [TSM_1.1x] BER=0.0 BitAcc= DSR=1 MIoU=0.4659 SI-SNR=dB
  [EnCodec_6kbps] BER=1.0 BitAcc=0.0 DSR=0 MIoU=0.0556 SI-SNR=11.28dB
  [DAC] BER=1.0 BitAcc=0.0 DSR=0 MIoU=0.0555 SI-SNR=0.43dB

[6/17] Similar_Dance_00085_Cover_Arrangement_A.wav
  [OK] 임베딩 완료 (원본 sr=44100 -> 16kHz, 9.0초, encoded=8 skip=0)
  [NoAttack]  BER=0.0 NC=1.0 DSR=1 MIoU=0.527 SI-SNR=35.1dB
  [AWGN_30dB] BER=0.0 BitAcc= DSR=1 MIoU=0.4625 SI-SNR=28.83dB
  [Resample_44100RT] BER=0.0 BitAcc= DSR=1 MIoU=0.527 SI-SNR=35.01dB
  [Limiter] BER=0.0 BitAcc= DSR=1 MIoU=0.527 SI-SNR=35.1dB
  [MP3_128kbps] BER=0.0 BitAcc= DSR=1 MIoU=0.527 SI-SNR=33.25dB
  [MP3_320kbps] BER=0.0 BitAcc= DSR=1 MIoU=0.527 SI-SNR=33.25dB
  [AAC_128kbps] BER=0.0 BitAcc= DSR=1 MIoU=0.527 SI-SNR=34.14dB
  [TelephoneFilter] BER=0.0 BitAcc= DSR=1 MIoU=0.4726 SI-SNR=-4.41dB
  [Opus_32kbps] BER=0.0 BitAcc= DSR=1 MIoU=0.5545 SI-SNR=20.42dB
  [Crop_10pct] BER=0.0 BitAcc= DSR=1 MIoU=0.5148 SI-SNR=dB
  [TSM_1.1x] BER=0.0 BitAcc= DSR=1 MIoU=0.5242 SI-SNR=dB
  [EnCodec_6kbps] BER=1.0 BitAcc=0.0 DSR=0 MIoU=0.0556 SI-SNR=8.15dB
  [DAC] BER=1.0 BitAcc=0.0 DSR=0 MIoU=0.0555 SI-SNR=-15.95dB

[7/17] Similar_Dance_00087_Cover_Arrangement_A.wav
  [OK] 임베딩 완료 (원본 sr=44100 -> 16kHz, 9.0초, encoded=8 skip=0)
  [NoAttack]  BER=0.0 NC=1.0 DSR=1 MIoU=0.527 SI-SNR=32.29dB
  [AWGN_30dB] BER=0.0 BitAcc= DSR=1 MIoU=0.5545 SI-SNR=27.9dB
  [Resample_44100RT] BER=0.0 BitAcc= DSR=1 MIoU=0.527 SI-SNR=32.27dB
  [Limiter] BER=0.0 BitAcc= DSR=1 MIoU=0.527 SI-SNR=32.29dB
  [MP3_128kbps] BER=0.0 BitAcc= DSR=1 MIoU=0.527 SI-SNR=31.06dB
  [MP3_320kbps] BER=0.0 BitAcc= DSR=1 MIoU=0.4994 SI-SNR=31.07dB
  [AAC_128kbps] BER=0.0 BitAcc= DSR=1 MIoU=0.527 SI-SNR=31.29dB
  [TelephoneFilter] BER=0.0 BitAcc= DSR=1 MIoU=0.5821 SI-SNR=1.7dB
  [Opus_32kbps] BER=0.0625 BitAcc= DSR=1 MIoU=0.4277 SI-SNR=16.76dB
  [Crop_10pct] BER=0.0 BitAcc= DSR=1 MIoU=0.5084 SI-SNR=dB
  [TSM_1.1x] BER=0.0 BitAcc= DSR=1 MIoU=0.3968 SI-SNR=dB
  [EnCodec_6kbps] BER=1.0 BitAcc=0.0 DSR=0 MIoU=0.0556 SI-SNR=4.81dB
  [DAC] BER=1.0 BitAcc=0.0 DSR=0 MIoU=0.0555 SI-SNR=-13.37dB

[8/17] Similar_Trot_00162_Cover_Arrangement_A.wav
  [OK] 임베딩 완료 (원본 sr=44100 -> 16kHz, 9.0초, encoded=8 skip=0)
  [NoAttack]  BER=0.0 NC=1.0 DSR=1 MIoU=0.527 SI-SNR=37.28dB
  [AWGN_30dB] BER=0.0 BitAcc= DSR=1 MIoU=0.4822 SI-SNR=29.26dB
  [Resample_44100RT] BER=0.0 BitAcc= DSR=1 MIoU=0.527 SI-SNR=36.96dB
  [Limiter] BER=0.0 BitAcc= DSR=1 MIoU=0.527 SI-SNR=37.28dB
  [MP3_128kbps] BER=0.0 BitAcc= DSR=1 MIoU=0.527 SI-SNR=32.2dB
  [MP3_320kbps] BER=0.0 BitAcc= DSR=1 MIoU=0.527 SI-SNR=32.2dB
  [AAC_128kbps] BER=0.0 BitAcc= DSR=1 MIoU=0.527 SI-SNR=33.93dB
  [TelephoneFilter] BER=0.0 BitAcc= DSR=1 MIoU=0.5545 SI-SNR=-26.74dB
  [Opus_32kbps] BER=0.0 BitAcc= DSR=1 MIoU=0.527 SI-SNR=20.02dB
  [Crop_10pct] BER=0.0 BitAcc= DSR=1 MIoU=0.5215 SI-SNR=dB
  [TSM_1.1x] BER=0.0625 BitAcc= DSR=1 MIoU=0.1791 SI-SNR=dB
  [EnCodec_6kbps] BER=1.0 BitAcc=0.0 DSR=0 MIoU=0.0556 SI-SNR=9.62dB
  [DAC] BER=1.0 BitAcc=0.0 DSR=0 MIoU=0.0555 SI-SNR=1.12dB

[9/17] Similar_Trot_00266_Cover_Arrangement_A.wav
  [OK] 임베딩 완료 (원본 sr=44100 -> 16kHz, 9.0초, encoded=8 skip=0)
  [NoAttack]  BER=0.0 NC=1.0 DSR=1 MIoU=0.527 SI-SNR=37.69dB
  [AWGN_30dB] BER=0.0 BitAcc= DSR=1 MIoU=0.3646 SI-SNR=29.33dB
  [Resample_44100RT] BER=0.0 BitAcc= DSR=1 MIoU=0.527 SI-SNR=37.39dB
  [Limiter] BER=0.0 BitAcc= DSR=1 MIoU=0.527 SI-SNR=21.96dB
  [MP3_128kbps] BER=0.0 BitAcc= DSR=1 MIoU=0.527 SI-SNR=32.28dB
  [MP3_320kbps] BER=0.0 BitAcc= DSR=1 MIoU=0.527 SI-SNR=32.28dB
  [AAC_128kbps] BER=0.0 BitAcc= DSR=1 MIoU=0.527 SI-SNR=33.39dB
  [TelephoneFilter] BER=0.0 BitAcc= DSR=1 MIoU=0.4921 SI-SNR=-7.46dB
  [Opus_32kbps] BER=0.0 BitAcc= DSR=1 MIoU=0.3726 SI-SNR=18.76dB
  [Crop_10pct] BER=0.0 BitAcc= DSR=1 MIoU=0.5267 SI-SNR=dB
  [TSM_1.1x] BER=0.0 BitAcc= DSR=1 MIoU=0.3518 SI-SNR=dB
  [EnCodec_6kbps] BER=1.0 BitAcc=0.0 DSR=0 MIoU=0.0556 SI-SNR=6.51dB
  [DAC] BER=1.0 BitAcc=0.0 DSR=0 MIoU=0.0555 SI-SNR=-3.34dB

[10/17] Similar_Trot_00568_Cover_Arrangement_B.wav
  [OK] 임베딩 완료 (원본 sr=44100 -> 16kHz, 9.0초, encoded=8 skip=0)
  [NoAttack]  BER=0.0 NC=1.0 DSR=1 MIoU=0.5469 SI-SNR=36.65dB
  [AWGN_30dB] BER=0.0 BitAcc= DSR=1 MIoU=0.4773 SI-SNR=29.14dB
  [Resample_44100RT] BER=0.0 BitAcc= DSR=1 MIoU=0.5469 SI-SNR=36.0dB
  [Limiter] BER=0.0 BitAcc= DSR=1 MIoU=0.5469 SI-SNR=36.65dB
  [MP3_128kbps] BER=0.0 BitAcc= DSR=1 MIoU=0.4821 SI-SNR=31.11dB
  [MP3_320kbps] BER=0.0 BitAcc= DSR=1 MIoU=0.4821 SI-SNR=31.11dB
  [AAC_128kbps] BER=0.0 BitAcc= DSR=1 MIoU=0.5469 SI-SNR=30.21dB
  [TelephoneFilter] BER=0.0 BitAcc= DSR=1 MIoU=0.5082 SI-SNR=-8.56dB
  [Opus_32kbps] BER=0.0625 BitAcc= DSR=1 MIoU=0.1807 SI-SNR=16.06dB
  [Crop_10pct] BER=0.0 BitAcc= DSR=1 MIoU=0.5931 SI-SNR=dB
  [TSM_1.1x] BER=0.25 BitAcc= DSR=1 MIoU=0.118 SI-SNR=dB
  [EnCodec_6kbps] BER=1.0 BitAcc=0.0 DSR=0 MIoU=0.0556 SI-SNR=3.91dB
  [DAC] BER=1.0 BitAcc=0.0 DSR=0 MIoU=0.0555 SI-SNR=-4.36dB

[11/17] Similar_Trot_00571_Cover_Arrangement_B.wav
  [OK] 임베딩 완료 (원본 sr=44100 -> 16kHz, 9.0초, encoded=8 skip=0)
  [NoAttack]  BER=0.0 NC=1.0 DSR=1 MIoU=0.527 SI-SNR=36.95dB
  [AWGN_30dB] BER=0.0 BitAcc= DSR=1 MIoU=0.4363 SI-SNR=29.2dB
  [Resample_44100RT] BER=0.0 BitAcc= DSR=1 MIoU=0.527 SI-SNR=36.88dB
  [Limiter] BER=0.0 BitAcc= DSR=1 MIoU=0.527 SI-SNR=36.95dB
  [MP3_128kbps] BER=0.0 BitAcc= DSR=1 MIoU=0.527 SI-SNR=35.51dB
  [MP3_320kbps] BER=0.0 BitAcc= DSR=1 MIoU=0.527 SI-SNR=35.29dB
  [AAC_128kbps] BER=0.0 BitAcc= DSR=1 MIoU=0.527 SI-SNR=33.04dB
  [TelephoneFilter] BER=0.0 BitAcc= DSR=1 MIoU=0.4822 SI-SNR=-10.36dB
  [Opus_32kbps] BER=0.0 BitAcc= DSR=1 MIoU=0.3532 SI-SNR=17.8dB
  [Crop_10pct] BER=0.0 BitAcc= DSR=1 MIoU=0.5084 SI-SNR=dB
  [TSM_1.1x] BER=0.0 BitAcc= DSR=1 MIoU=0.302 SI-SNR=dB
  [EnCodec_6kbps] BER=1.0 BitAcc=0.0 DSR=0 MIoU=0.0556 SI-SNR=5.47dB
  [DAC] BER=1.0 BitAcc=0.0 DSR=0 MIoU=0.0555 SI-SNR=-5.58dB

[12/17] 일반남여_일반통합06_F_1536505292_35_경상_실내_09408.wav
  [OK] 임베딩 완료 (원본 sr=16000 -> 16kHz, 6.7초, encoded=6 skip=0)
  [NoAttack]  BER=0.0 NC=1.0 DSR=1 MIoU=0.5118 SI-SNR=37.38dB
  [AWGN_30dB] BER=1.0 BitAcc= DSR=0 MIoU=0.0549 SI-SNR=29.28dB
  [Resample_44100RT] BER=0.0 BitAcc= DSR=1 MIoU=0.5118 SI-SNR=37.39dB
  [Limiter] BER=0.0 BitAcc= DSR=1 MIoU=0.5118 SI-SNR=37.38dB
  [MP3_128kbps] BER=0.0 BitAcc= DSR=1 MIoU=0.5118 SI-SNR=37.23dB
  [MP3_320kbps] BER=0.0 BitAcc= DSR=1 MIoU=0.5118 SI-SNR=37.23dB
  [AAC_128kbps] BER=0.0 BitAcc= DSR=1 MIoU=0.5118 SI-SNR=36.71dB
  [TelephoneFilter] BER=0.0 BitAcc= DSR=1 MIoU=0.5532 SI-SNR=-6.07dB
  [Opus_32kbps] BER=0.0 BitAcc= DSR=1 MIoU=0.549 SI-SNR=21.83dB
  [Crop_10pct] BER=0.0 BitAcc= DSR=1 MIoU=0.4667 SI-SNR=dB
  [TSM_1.1x] BER=0.0 BitAcc= DSR=1 MIoU=0.2977 SI-SNR=dB
  [EnCodec_6kbps] BER=1.0 BitAcc=0.0 DSR=0 MIoU=0.0549 SI-SNR=8.84dB
  [DAC] BER=1.0 BitAcc=0.0 DSR=0 MIoU=0.0549 SI-SNR=-12.59dB

[13/17] 일반남여_일반통합06_F_1536505292_35_경상_실내_09410.wav
skip section:0, snr too low:20.0
  [OK] 임베딩 완료 (원본 sr=16000 -> 16kHz, 9.0초, encoded=7 skip=1)
  [NoAttack]  BER=0.0 NC=1.0 DSR=1 MIoU=0.438 SI-SNR=38.22dB
  [AWGN_30dB] BER=1.0 BitAcc= DSR=0 MIoU=0.0535 SI-SNR=29.36dB
  [Resample_44100RT] BER=0.0 BitAcc= DSR=1 MIoU=0.438 SI-SNR=38.25dB
  [Limiter] BER=0.0 BitAcc= DSR=1 MIoU=0.438 SI-SNR=38.22dB
  [MP3_128kbps] BER=0.0 BitAcc= DSR=1 MIoU=0.438 SI-SNR=38.09dB
  [MP3_320kbps] BER=0.0 BitAcc= DSR=1 MIoU=0.438 SI-SNR=38.15dB
  [AAC_128kbps] BER=0.0 BitAcc= DSR=1 MIoU=0.438 SI-SNR=37.71dB
  [TelephoneFilter] BER=0.0 BitAcc= DSR=1 MIoU=0.352 SI-SNR=-2.46dB
  [Opus_32kbps] BER=0.0 BitAcc= DSR=1 MIoU=0.438 SI-SNR=24.88dB
  [Crop_10pct] BER=0.0 BitAcc= DSR=1 MIoU=0.4666 SI-SNR=dB
  [TSM_1.1x] BER=0.0 BitAcc= DSR=1 MIoU=0.2806 SI-SNR=dB
  [EnCodec_6kbps] BER=1.0 BitAcc=0.0 DSR=0 MIoU=0.0535 SI-SNR=9.72dB
  [DAC] BER=1.0 BitAcc=0.0 DSR=0 MIoU=0.0535 SI-SNR=-35.48dB

[14/17] 일반남여_일반통합06_F_1536505292_35_경상_실내_09412.wav
  [OK] 임베딩 완료 (원본 sr=16000 -> 16kHz, 5.8초, encoded=5 skip=0)
  [NoAttack]  BER=0.0 NC=1.0 DSR=1 MIoU=0.6072 SI-SNR=37.61dB
  [AWGN_30dB] BER=0.0625 BitAcc= DSR=1 MIoU=0.1594 SI-SNR=29.31dB
  [Resample_44100RT] BER=0.0 BitAcc= DSR=1 MIoU=0.6072 SI-SNR=37.64dB
  [Limiter] BER=0.0 BitAcc= DSR=1 MIoU=0.6072 SI-SNR=37.61dB
  [MP3_128kbps] BER=0.0 BitAcc= DSR=1 MIoU=0.6072 SI-SNR=37.56dB
  [MP3_320kbps] BER=0.0 BitAcc= DSR=1 MIoU=0.6072 SI-SNR=37.57dB
  [AAC_128kbps] BER=0.0 BitAcc= DSR=1 MIoU=0.6072 SI-SNR=36.7dB
  [TelephoneFilter] BER=0.0 BitAcc= DSR=1 MIoU=0.4502 SI-SNR=-4.36dB
  [Opus_32kbps] BER=0.0 BitAcc= DSR=1 MIoU=0.5935 SI-SNR=25.58dB
  [Crop_10pct] BER=0.0 BitAcc= DSR=1 MIoU=0.5402 SI-SNR=dB
  [TSM_1.1x] BER=0.0 BitAcc= DSR=1 MIoU=0.6038 SI-SNR=dB
  [EnCodec_6kbps] BER=1.0 BitAcc=0.0 DSR=0 MIoU=0.0691 SI-SNR=9.86dB
  [DAC] BER=1.0 BitAcc=0.0 DSR=0 MIoU=0.0691 SI-SNR=-15.84dB

[15/17] 통화_0029.wav
  [OK] 임베딩 완료 (원본 sr=8000 -> 16kHz, 2.3초, encoded=2 skip=0)
  [NoAttack]  BER=0.0 NC=1.0 DSR=1 MIoU=0.5504 SI-SNR=27.31dB
  [AWGN_30dB] BER=0.0 BitAcc= DSR=1 MIoU=0.5504 SI-SNR=25.47dB
  [Resample_44100RT] BER=0.0 BitAcc= DSR=1 MIoU=0.5504 SI-SNR=27.31dB
  [Limiter] BER=0.0 BitAcc= DSR=1 MIoU=0.5504 SI-SNR=27.31dB
  [MP3_128kbps] BER=0.0 BitAcc= DSR=1 MIoU=0.5504 SI-SNR=27.31dB
  [MP3_320kbps] BER=0.0 BitAcc= DSR=1 MIoU=0.5504 SI-SNR=27.31dB
  [AAC_128kbps] BER=0.0 BitAcc= DSR=1 MIoU=0.5504 SI-SNR=27.25dB
  [TelephoneFilter] BER=0.0 BitAcc= DSR=1 MIoU=0.5504 SI-SNR=-4.48dB
  [Opus_32kbps] BER=0.0 BitAcc= DSR=1 MIoU=0.5504 SI-SNR=22.37dB
  [Crop_10pct] BER=0.0 BitAcc= DSR=1 MIoU=0.5769 SI-SNR=dB
  [TSM_1.1x] BER=0.0 BitAcc= DSR=1 MIoU=0.5415 SI-SNR=dB
  [EnCodec_6kbps] BER=1.0 BitAcc=0.0 DSR=0 MIoU=0.0685 SI-SNR=6.65dB
  [DAC] BER=1.0 BitAcc=0.0 DSR=0 MIoU=0.0685 SI-SNR=-12.01dB

[16/17] 통화_0030.wav
  [OK] 임베딩 완료 (원본 sr=8000 -> 16kHz, 1.6초, encoded=1 skip=0)
  [NoAttack]  BER=0.0 NC=1.0 DSR=1 MIoU=0.8002 SI-SNR=34.24dB
  [AWGN_30dB] BER=1.0 BitAcc= DSR=0 MIoU=0.1789 SI-SNR=28.61dB
  [Resample_44100RT] BER=0.0 BitAcc= DSR=1 MIoU=0.8002 SI-SNR=34.24dB
  [Limiter] BER=0.0 BitAcc= DSR=1 MIoU=0.8002 SI-SNR=34.24dB
  [MP3_128kbps] BER=0.0 BitAcc= DSR=1 MIoU=0.8002 SI-SNR=34.23dB
  [MP3_320kbps] BER=0.0 BitAcc= DSR=1 MIoU=0.8002 SI-SNR=34.23dB
  [AAC_128kbps] BER=0.0 BitAcc= DSR=1 MIoU=0.8002 SI-SNR=34.13dB
  [TelephoneFilter] BER=0.0 BitAcc= DSR=1 MIoU=0.8648 SI-SNR=-9.91dB
  [Opus_32kbps] BER=0.0 BitAcc= DSR=1 MIoU=0.8002 SI-SNR=27.82dB
  [Crop_10pct] BER=0.0 BitAcc= DSR=1 MIoU=0.6544 SI-SNR=dB
  [TSM_1.1x] BER=0.0 BitAcc= DSR=1 MIoU=0.7249 SI-SNR=dB
  [EnCodec_6kbps] BER=1.0 BitAcc=0.0 DSR=0 MIoU=0.1789 SI-SNR=9.33dB
  [DAC] BER=1.0 BitAcc=0.0 DSR=0 MIoU=0.1789 SI-SNR=-8.07dB

[17/17] 통화_0031.wav
  [OK] 임베딩 완료 (원본 sr=8000 -> 16kHz, 3.1초, encoded=2 skip=0)
  [NoAttack]  BER=0.0 NC=1.0 DSR=1 MIoU=0.8334 SI-SNR=25.84dB
  [AWGN_30dB] BER=0.0 BitAcc= DSR=1 MIoU=0.8334 SI-SNR=24.42dB
  [Resample_44100RT] BER=0.0 BitAcc= DSR=1 MIoU=0.8334 SI-SNR=25.84dB
  [Limiter] BER=0.0 BitAcc= DSR=1 MIoU=0.8334 SI-SNR=25.84dB
  [MP3_128kbps] BER=0.0 BitAcc= DSR=1 MIoU=0.8334 SI-SNR=25.83dB
  [MP3_320kbps] BER=0.0 BitAcc= DSR=1 MIoU=0.8334 SI-SNR=25.83dB
  [AAC_128kbps] BER=0.0 BitAcc= DSR=1 MIoU=0.8334 SI-SNR=25.77dB
  [TelephoneFilter] BER=0.0 BitAcc= DSR=1 MIoU=0.8334 SI-SNR=-7.74dB
  [Opus_32kbps] BER=0.0 BitAcc= DSR=1 MIoU=0.8334 SI-SNR=20.35dB
  [Crop_10pct] BER=0.0 BitAcc= DSR=1 MIoU=0.5201 SI-SNR=dB
  [TSM_1.1x] BER=0.0 BitAcc= DSR=1 MIoU=0.5187 SI-SNR=dB
  [EnCodec_6kbps] BER=1.0 BitAcc=0.0 DSR=0 MIoU=0.18 SI-SNR=5.97dB
  [DAC] BER=1.0 BitAcc=0.0 DSR=0 MIoU=0.18 SI-SNR=-6.45dB

============================================================
  전체 파이프라인 완료
============================================================
  단계                   BER      DSR      MIoU     판정
  -------------------------------------------------------
  NoAttack                      100.0%     0.5362   통과
  AWGN_30dB            0.2426   76.5%     0.3593   붕괴
  Resample_44100RT              100.0%     0.5364   통과
  Limiter                       100.0%     0.5362   통과
  MP3_128kbps          0.0037   100.0%     0.5321   통과
  MP3_320kbps          0.0037   100.0%     0.5305   통과
  AAC_128kbps                   100.0%     0.5362   통과
  TelephoneFilter      0.0037   100.0%     0.4893   통과
  Opus_32kbps          0.0699   94.1%     0.4321   붕괴
  Crop_10pct                    100.0%     0.509    통과
  TSM_1.1x             0.0257   100.0%     0.3824   통과
  EnCodec_6kbps        1.0      0.0%     0.0716   붕괴
  DAC                  1.0      0.0%     0.0715   붕괴
============================================================
  전체 결과 CSV : /home/hansung1/.vscode-server/audio/wavmark_pipeline_results_clip9s/pipeline_full_results.csv
  요약 CSV      : /home/hansung1/.vscode-server/audio/wavmark_pipeline_results_clip9s/pipeline_full_summary.csv
  콘텐츠 특성 CSV: /home/hansung1/.vscode-server/audio/wavmark_pipeline_results_clip9s/content_features.csv
  임베딩 결과   : /home/hansung1/.vscode-server/audio/wavmark_embed_clip9s
  16k 원본      : /home/hansung1/.vscode-server/audio/wavmark_pipeline_results_clip9s/original_16k_mono
  차이 스펙트로그램(221개): /home/hansung1/.vscode-server/audio/wavmark_pipeline_results_clip9s/diff_spectrograms
  MUSHRA 청취용 파일 (수동 평가 필요): /home/hansung1/.vscode-server/audio/wavmark_pipeline_results_clip9s/mushra_stimuli
============================================================
